// Jest Snapshot v1, https://goo.gl/fbAQLP

exports[`renders correctly 1`] = `
<div
  className="navigation-layout"
>
  <style
    dangerouslySetInnerHTML={
      {
        "__html": ".css-349cgn-MuiAppBar-root{display:-webkit-box;display:-webkit-flex;display:-ms-flexbox;display:flex;-webkit-flex-direction:column;-ms-flex-direction:column;flex-direction:column;width:100%;box-sizing:border-box;-webkit-flex-shrink:0;-ms-flex-negative:0;flex-shrink:0;position:static;background-color:#1976d2;color:#fff;}",
      }
    }
    data-emotion="css 349cgn-MuiAppBar-root"
  />
  <style
    dangerouslySetInnerHTML={
      {
        "__html": ".css-hip9hq-MuiPaper-root-MuiAppBar-root{background-color:#fff;color:rgba(0, 0, 0, 0.87);-webkit-transition:box-shadow 300ms cubic-bezier(0.4, 0, 0.2, 1) 0ms;transition:box-shadow 300ms cubic-bezier(0.4, 0, 0.2, 1) 0ms;box-shadow:0px 2px 4px -1px rgba(0,0,0,0.2),0px 4px 5px 0px rgba(0,0,0,0.14),0px 1px 10px 0px rgba(0,0,0,0.12);display:-webkit-box;display:-webkit-flex;display:-ms-flexbox;display:flex;-webkit-flex-direction:column;-ms-flex-direction:column;flex-direction:column;width:100%;box-sizing:border-box;-webkit-flex-shrink:0;-ms-flex-negative:0;flex-shrink:0;position:static;background-color:#1976d2;color:#fff;}",
      }
    }
    data-emotion="css hip9hq-MuiPaper-root-MuiAppBar-root"
  />
  <header
    className="MuiPaper-root MuiPaper-elevation MuiPaper-elevation4 MuiAppBar-root MuiAppBar-colorPrimary MuiAppBar-positionStatic css-hip9hq-MuiPaper-root-MuiAppBar-root"
    data-testid="navigation-layout"
  >
    <style
      dangerouslySetInnerHTML={
        {
          "__html": ".css-ur2jdm-MuiContainer-root{width:100%;margin-left:auto;box-sizing:border-box;margin-right:auto;display:block;padding-left:16px;padding-right:16px;}@media (min-width:600px){.css-ur2jdm-MuiContainer-root{padding-left:24px;padding-right:24px;}}",
        }
      }
      data-emotion="css ur2jdm-MuiContainer-root"
    />
    <div
      className="MuiContainer-root css-ur2jdm-MuiContainer-root"
    >
      <style
        dangerouslySetInnerHTML={
          {
            "__html": ".css-r6ewbb-MuiToolbar-root{position:relative;display:-webkit-box;display:-webkit-flex;display:-ms-flexbox;display:flex;-webkit-align-items:center;-webkit-box-align:center;-ms-flex-align:center;align-items:center;min-height:56px;}@media (min-width:0px){@media (orientation: landscape){.css-r6ewbb-MuiToolbar-root{min-height:48px;}}}@media (min-width:600px){.css-r6ewbb-MuiToolbar-root{min-height:64px;}}",
          }
        }
        data-emotion="css r6ewbb-MuiToolbar-root"
      />
      <div
        className="MuiToolbar-root MuiToolbar-regular css-r6ewbb-MuiToolbar-root"
      >
        <style
          dangerouslySetInnerHTML={
            {
              "__html": ".css-1uzrjc8-MuiSvgIcon-root{-webkit-user-select:none;-moz-user-select:none;-ms-user-select:none;user-select:none;width:1em;height:1em;display:inline-block;fill:currentColor;-webkit-flex-shrink:0;-ms-flex-negative:0;flex-shrink:0;-webkit-transition:fill 200ms cubic-bezier(0.4, 0, 0.2, 1) 0ms;transition:fill 200ms cubic-bezier(0.4, 0, 0.2, 1) 0ms;font-size:1.5rem;margin-right:8px;}@media (min-width:0px){.css-1uzrjc8-MuiSvgIcon-root{display:none;}}@media (min-width:900px){.css-1uzrjc8-MuiSvgIcon-root{display:-webkit-box;display:-webkit-flex;display:-ms-flexbox;display:flex;}}",
            }
          }
          data-emotion="css 1uzrjc8-MuiSvgIcon-root"
        />
        <svg
          aria-hidden={true}
          className="MuiSvgIcon-root MuiSvgIcon-fontSizeMedium css-1uzrjc8-MuiSvgIcon-root"
          data-testid="FitnessCenterIcon"
          focusable="false"
          viewBox="0 0 24 24"
        >
          <path
            d="M20.57 14.86 22 13.43 20.57 12 17 15.57 8.43 7 12 3.43 10.57 2 9.14 3.43 7.71 2 5.57 4.14 4.14 2.71 2.71 4.14l1.43 1.43L2 7.71l1.43 1.43L2 10.57 3.43 12 7 8.43 15.57 17 12 20.57 13.43 22l1.43-1.43L16.29 22l2.14-2.14 1.43 1.43 1.43-1.43-1.43-1.43L22 16.29z"
          />
        </svg>
        <style
          dangerouslySetInnerHTML={
            {
              "__html": ".css-ot2t7s-MuiTypography-root{margin:0;font-family:"Roboto","Helvetica","Arial",sans-serif;font-weight:400;font-size:1.5rem;line-height:1.334;letter-spacing:0em;overflow:hidden;text-overflow:ellipsis;white-space:nowrap;color:inherit;margin-right:16px;font-family:monospace;font-weight:700;letter-spacing:.15rem;-webkit-text-decoration:none;text-decoration:none;}@media (min-width:0px){.css-ot2t7s-MuiTypography-root{display:none;}}@media (min-width:900px){.css-ot2t7s-MuiTypography-root{display:-webkit-box;display:-webkit-flex;display:-ms-flexbox;display:flex;}}",
            }
          }
          data-emotion="css ot2t7s-MuiTypography-root"
        />
        <a
          className="MuiTypography-root MuiTypography-h5 MuiTypography-noWrap css-ot2t7s-MuiTypography-root"
          href="/"
        >
          Workout Buddy
        </a>
        <style
          dangerouslySetInnerHTML={
            {
              "__html": ".css-1lvtzne{-webkit-box-flex:1;-webkit-flex-grow:1;-ms-flex-positive:1;flex-grow:1;}@media (min-width:0px){.css-1lvtzne{display:-webkit-box;display:-webkit-flex;display:-ms-flexbox;display:flex;}}@media (min-width:900px){.css-1lvtzne{display:none;}}",
            }
          }
          data-emotion="css 1lvtzne"
        />
        <div
          className="MuiBox-root css-1lvtzne"
        >
          <style
            dangerouslySetInnerHTML={
              {
                "__html": ".css-1wtioh1-MuiIconButton-root{text-align:center;-webkit-flex:0 0 auto;-ms-flex:0 0 auto;flex:0 0 auto;font-size:1.5rem;padding:8px;border-radius:50%;overflow:visible;color:rgba(0, 0, 0, 0.54);-webkit-transition:background-color 150ms cubic-bezier(0.4, 0, 0.2, 1) 0ms;transition:background-color 150ms cubic-bezier(0.4, 0, 0.2, 1) 0ms;color:inherit;padding:12px;font-size:1.75rem;}.css-1wtioh1-MuiIconButton-root:hover{background-color:rgba(0, 0, 0, 0.04);}@media (hover: none){.css-1wtioh1-MuiIconButton-root:hover{background-color:transparent;}}.css-1wtioh1-MuiIconButton-root.Mui-disabled{background-color:transparent;color:rgba(0, 0, 0, 0.26);}",
              }
            }
            data-emotion="css 1wtioh1-MuiIconButton-root"
          />
          <style
            dangerouslySetInnerHTML={
              {
                "__html": ".css-1pz7awu-MuiButtonBase-root-MuiIconButton-root{display:-webkit-inline-box;display:-webkit-inline-flex;display:-ms-inline-flexbox;display:inline-flex;-webkit-align-items:center;-webkit-box-align:center;-ms-flex-align:center;align-items:center;-webkit-box-pack:center;-ms-flex-pack:center;-webkit-justify-content:center;justify-content:center;position:relative;box-sizing:border-box;-webkit-tap-highlight-color:transparent;background-color:transparent;outline:0;border:0;margin:0;border-radius:0;padding:0;cursor:pointer;-webkit-user-select:none;-moz-user-select:none;-ms-user-select:none;user-select:none;vertical-align:middle;-moz-appearance:none;-webkit-appearance:none;-webkit-text-decoration:none;text-decoration:none;color:inherit;text-align:center;-webkit-flex:0 0 auto;-ms-flex:0 0 auto;flex:0 0 auto;font-size:1.5rem;padding:8px;border-radius:50%;overflow:visible;color:rgba(0, 0, 0, 0.54);-webkit-transition:background-color 150ms cubic-bezier(0.4, 0, 0.2, 1) 0ms;transition:background-color 150ms cubic-bezier(0.4, 0, 0.2, 1) 0ms;color:inherit;padding:12px;font-size:1.75rem;}.css-1pz7awu-MuiButtonBase-root-MuiIconButton-root::-moz-focus-inner{border-style:none;}.css-1pz7awu-MuiButtonBase-root-MuiIconButton-root.Mui-disabled{pointer-events:none;cursor:default;}@media print{.css-1pz7awu-MuiButtonBase-root-MuiIconButton-root{-webkit-print-color-adjust:exact;color-adjust:exact;}}.css-1pz7awu-MuiButtonBase-root-MuiIconButton-root:hover{background-color:rgba(0, 0, 0, 0.04);}@media (hover: none){.css-1pz7awu-MuiButtonBase-root-MuiIconButton-root:hover{background-color:transparent;}}.css-1pz7awu-MuiButtonBase-root-MuiIconButton-root.Mui-disabled{background-color:transparent;color:rgba(0, 0, 0, 0.26);}",
              }
            }
            data-emotion="css 1pz7awu-MuiButtonBase-root-MuiIconButton-root"
          />
          <button
            aria-controls="menu-appbar"
            aria-haspopup="true"
            aria-label="account of current user"
            className="MuiButtonBase-root MuiIconButton-root MuiIconButton-colorInherit MuiIconButton-sizeLarge css-1pz7awu-MuiButtonBase-root-MuiIconButton-root"
            disabled={false}
            onBlur={[Function]}
            onClick={[Function]}
            onContextMenu={[Function]}
            onDragLeave={[Function]}
            onFocus={[Function]}
            onKeyDown={[Function]}
            onKeyUp={[Function]}
            onMouseDown={[Function]}
            onMouseLeave={[Function]}
            onMouseUp={[Function]}
            onTouchEnd={[Function]}
            onTouchMove={[Function]}
            onTouchStart={[Function]}
            tabIndex={0}
            type="button"
          >
            <style
              dangerouslySetInnerHTML={
                {
                  "__html": ".css-i4bv87-MuiSvgIcon-root{-webkit-user-select:none;-moz-user-select:none;-ms-user-select:none;user-select:none;width:1em;height:1em;display:inline-block;fill:currentColor;-webkit-flex-shrink:0;-ms-flex-negative:0;flex-shrink:0;-webkit-transition:fill 200ms cubic-bezier(0.4, 0, 0.2, 1) 0ms;transition:fill 200ms cubic-bezier(0.4, 0, 0.2, 1) 0ms;font-size:1.5rem;}",
                }
              }
              data-emotion="css i4bv87-MuiSvgIcon-root"
            />
            <svg
              aria-hidden={true}
              className="MuiSvgIcon-root MuiSvgIcon-fontSizeMedium css-i4bv87-MuiSvgIcon-root"
              data-testid="MenuIcon"
              focusable="false"
              viewBox="0 0 24 24"
            >
              <path
                d="M3 18h18v-2H3v2zm0-5h18v-2H3v2zm0-7v2h18V6H3z"
              />
            </svg>
          </button>
          <style
            dangerouslySetInnerHTML={
              {
                "__html": "@media (min-width:0px){.css-tv9uhm-MuiMenu-root{display:block;}}@media (min-width:900px){.css-tv9uhm-MuiMenu-root{display:none;}}",
              }
            }
            data-emotion="css tv9uhm-MuiMenu-root"
          />
          <style
            dangerouslySetInnerHTML={
              {
                "__html": "@media (min-width:0px){.css-rekep1-MuiPopover-root-MuiMenu-root{display:block;}}@media (min-width:900px){.css-rekep1-MuiPopover-root-MuiMenu-root{display:none;}}",
              }
            }
            data-emotion="css rekep1-MuiPopover-root-MuiMenu-root"
          />
        </div>
        <style
          dangerouslySetInnerHTML={
            {
              "__html": ".css-z5gn4u-MuiSvgIcon-root{-webkit-user-select:none;-moz-user-select:none;-ms-user-select:none;user-select:none;width:1em;height:1em;display:inline-block;fill:currentColor;-webkit-flex-shrink:0;-ms-flex-negative:0;flex-shrink:0;-webkit-transition:fill 200ms cubic-bezier(0.4, 0, 0.2, 1) 0ms;transition:fill 200ms cubic-bezier(0.4, 0, 0.2, 1) 0ms;font-size:1.5rem;margin-right:8px;}@media (min-width:0px){.css-z5gn4u-MuiSvgIcon-root{display:-webkit-box;display:-webkit-flex;display:-ms-flexbox;display:flex;}}@media (min-width:900px){.css-z5gn4u-MuiSvgIcon-root{display:none;}}",
            }
          }
          data-emotion="css z5gn4u-MuiSvgIcon-root"
        />
        <svg
          aria-hidden={true}
          className="MuiSvgIcon-root MuiSvgIcon-fontSizeMedium css-z5gn4u-MuiSvgIcon-root"
          data-testid="AdbIcon"
          focusable="false"
          viewBox="0 0 24 24"
        >
          <path
            d="M5 16c0 3.87 3.13 7 7 7s7-3.13 7-7v-4H5v4zM16.12 4.37l2.1-2.1-.82-.83-2.3 2.31C14.16 3.28 13.12 3 12 3s-2.16.28-3.09.75L6.6 1.44l-.82.83 2.1 2.1C6.14 5.64 5 7.68 5 10v1h14v-1c0-2.32-1.14-4.36-2.88-5.63zM9 9c-.55 0-1-.45-1-1s.45-1 1-1 1 .45 1 1-.45 1-1 1zm6 0c-.55 0-1-.45-1-1s.45-1 1-1 1 .45 1 1-.45 1-1 1z"
          />
        </svg>
        <style
          dangerouslySetInnerHTML={
            {
              "__html": ".css-1lfs2tq-MuiTypography-root{margin:0;font-family:"Roboto","Helvetica","Arial",sans-serif;font-weight:400;font-size:1.5rem;line-height:1.334;letter-spacing:0em;overflow:hidden;text-overflow:ellipsis;white-space:nowrap;color:inherit;margin-right:16px;-webkit-box-flex:1;-webkit-flex-grow:1;-ms-flex-positive:1;flex-grow:1;font-family:monospace;font-weight:700;letter-spacing:.3rem;-webkit-text-decoration:none;text-decoration:none;}@media (min-width:0px){.css-1lfs2tq-MuiTypography-root{display:-webkit-box;display:-webkit-flex;display:-ms-flexbox;display:flex;}}@media (min-width:900px){.css-1lfs2tq-MuiTypography-root{display:none;}}",
            }
          }
          data-emotion="css 1lfs2tq-MuiTypography-root"
        />
        <a
          className="MuiTypography-root MuiTypography-h5 MuiTypography-noWrap css-1lfs2tq-MuiTypography-root"
          href=""
        >
          Workout Buddy
        </a>
        <style
          dangerouslySetInnerHTML={
            {
              "__html": ".css-1t6c9ts{-webkit-box-flex:1;-webkit-flex-grow:1;-ms-flex-positive:1;flex-grow:1;}@media (min-width:0px){.css-1t6c9ts{display:none;}}@media (min-width:900px){.css-1t6c9ts{display:-webkit-box;display:-webkit-flex;display:-ms-flexbox;display:flex;}}",
            }
          }
          data-emotion="css 1t6c9ts"
        />
        <div
          className="MuiBox-root css-1t6c9ts"
        >
          <style
            dangerouslySetInnerHTML={
              {
                "__html": ".css-4oy5zj-MuiTypography-root{margin:0;font-family:"Roboto","Helvetica","Arial",sans-serif;font-weight:400;font-size:1rem;line-height:1.5;letter-spacing:0.00938em;color:white;margin-top:16px;margin-bottom:16px;display:block;}",
              }
            }
            data-emotion="css 4oy5zj-MuiTypography-root"
          />
          <p
            className="MuiTypography-root MuiTypography-body1 css-4oy5zj-MuiTypography-root"
          >
            <style
              dangerouslySetInnerHTML={
                {
                  "__html": ".css-1y6177e{font-weight:bold;-webkit-text-decoration:none;text-decoration:none;margin:0 15px;}",
                }
              }
              data-emotion="css 1y6177e"
            />
            <a
              className="css-1y6177e"
              href="/exercises"
              onClick={[Function]}
              onMouseEnter={[Function]}
              onTouchStart={[Function]}
            >
              Exercitii
            </a>
          </p>
          <p
            className="MuiTypography-root MuiTypography-body1 css-4oy5zj-MuiTypography-root"
          >
            <a
              className="css-1y6177e"
              href="/splits"
              onClick={[Function]}
              onMouseEnter={[Function]}
              onTouchStart={[Function]}
            >
              Programe
            </a>
          </p>
        </div>
        <style
          dangerouslySetInnerHTML={
            {
              "__html": ".css-1ykhg75-MuiFab-root{font-family:"Roboto","Helvetica","Arial",sans-serif;font-weight:500;font-size:0.875rem;line-height:1.75;letter-spacing:0.02857em;text-transform:uppercase;min-height:36px;-webkit-transition:background-color 250ms cubic-bezier(0.4, 0, 0.2, 1) 0ms,box-shadow 250ms cubic-bezier(0.4, 0, 0.2, 1) 0ms,border-color 250ms cubic-bezier(0.4, 0, 0.2, 1) 0ms;transition:background-color 250ms cubic-bezier(0.4, 0, 0.2, 1) 0ms,box-shadow 250ms cubic-bezier(0.4, 0, 0.2, 1) 0ms,border-color 250ms cubic-bezier(0.4, 0, 0.2, 1) 0ms;border-radius:50%;padding:0;min-width:0;width:56px;height:56px;z-index:1050;box-shadow:0px 3px 5px -1px rgba(0,0,0,0.2),0px 6px 10px 0px rgba(0,0,0,0.14),0px 1px 18px 0px rgba(0,0,0,0.12);color:rgba(0, 0, 0, 0.87);background-color:#e0e0e0;position:fixed;bottom:16px;right:16px;background-color:#FFFFFF;}.css-1ykhg75-MuiFab-root:active{box-shadow:0px 7px 8px -4px rgba(0,0,0,0.2),0px 12px 17px 2px rgba(0,0,0,0.14),0px 5px 22px 4px rgba(0,0,0,0.12);}.css-1ykhg75-MuiFab-root:hover{background-color:#f5f5f5;-webkit-text-decoration:none;text-decoration:none;}@media (hover: none){.css-1ykhg75-MuiFab-root:hover{background-color:#e0e0e0;}}.css-1ykhg75-MuiFab-root.Mui-focusVisible{box-shadow:0px 3px 5px -1px rgba(0,0,0,0.2),0px 6px 10px 0px rgba(0,0,0,0.14),0px 1px 18px 0px rgba(0,0,0,0.12);}.css-1ykhg75-MuiFab-root.Mui-disabled{color:rgba(0, 0, 0, 0.26);box-shadow:none;background-color:rgba(0, 0, 0, 0.12);}.css-1ykhg75-MuiFab-root:hover{background-color:rgba(255,255,255,0.9);}.css-1ykhg75-MuiFab-root:focus{background-color:rgba(255,255,255,0.7);}",
            }
          }
          data-emotion="css 1ykhg75-MuiFab-root"
        />
        <style
          dangerouslySetInnerHTML={
            {
              "__html": ".css-j5omkc-MuiButtonBase-root-MuiFab-root{display:-webkit-inline-box;display:-webkit-inline-flex;display:-ms-inline-flexbox;display:inline-flex;-webkit-align-items:center;-webkit-box-align:center;-ms-flex-align:center;align-items:center;-webkit-box-pack:center;-ms-flex-pack:center;-webkit-justify-content:center;justify-content:center;position:relative;box-sizing:border-box;-webkit-tap-highlight-color:transparent;background-color:transparent;outline:0;border:0;margin:0;border-radius:0;padding:0;cursor:pointer;-webkit-user-select:none;-moz-user-select:none;-ms-user-select:none;user-select:none;vertical-align:middle;-moz-appearance:none;-webkit-appearance:none;-webkit-text-decoration:none;text-decoration:none;color:inherit;font-family:"Roboto","Helvetica","Arial",sans-serif;font-weight:500;font-size:0.875rem;line-height:1.75;letter-spacing:0.02857em;text-transform:uppercase;min-height:36px;-webkit-transition:background-color 250ms cubic-bezier(0.4, 0, 0.2, 1) 0ms,box-shadow 250ms cubic-bezier(0.4, 0, 0.2, 1) 0ms,border-color 250ms cubic-bezier(0.4, 0, 0.2, 1) 0ms;transition:background-color 250ms cubic-bezier(0.4, 0, 0.2, 1) 0ms,box-shadow 250ms cubic-bezier(0.4, 0, 0.2, 1) 0ms,border-color 250ms cubic-bezier(0.4, 0, 0.2, 1) 0ms;border-radius:50%;padding:0;min-width:0;width:56px;height:56px;z-index:1050;box-shadow:0px 3px 5px -1px rgba(0,0,0,0.2),0px 6px 10px 0px rgba(0,0,0,0.14),0px 1px 18px 0px rgba(0,0,0,0.12);color:rgba(0, 0, 0, 0.87);background-color:#e0e0e0;position:fixed;bottom:16px;right:16px;background-color:#FFFFFF;}.css-j5omkc-MuiButtonBase-root-MuiFab-root::-moz-focus-inner{border-style:none;}.css-j5omkc-MuiButtonBase-root-MuiFab-root.Mui-disabled{pointer-events:none;cursor:default;}@media print{.css-j5omkc-MuiButtonBase-root-MuiFab-root{-webkit-print-color-adjust:exact;color-adjust:exact;}}.css-j5omkc-MuiButtonBase-root-MuiFab-root:active{box-shadow:0px 7px 8px -4px rgba(0,0,0,0.2),0px 12px 17px 2px rgba(0,0,0,0.14),0px 5px 22px 4px rgba(0,0,0,0.12);}.css-j5omkc-MuiButtonBase-root-MuiFab-root:hover{background-color:#f5f5f5;-webkit-text-decoration:none;text-decoration:none;}@media (hover: none){.css-j5omkc-MuiButtonBase-root-MuiFab-root:hover{background-color:#e0e0e0;}}.css-j5omkc-MuiButtonBase-root-MuiFab-root.Mui-focusVisible{box-shadow:0px 3px 5px -1px rgba(0,0,0,0.2),0px 6px 10px 0px rgba(0,0,0,0.14),0px 1px 18px 0px rgba(0,0,0,0.12);}.css-j5omkc-MuiButtonBase-root-MuiFab-root.Mui-disabled{color:rgba(0, 0, 0, 0.26);box-shadow:none;background-color:rgba(0, 0, 0, 0.12);}.css-j5omkc-MuiButtonBase-root-MuiFab-root:hover{background-color:rgba(255,255,255,0.9);}.css-j5omkc-MuiButtonBase-root-MuiFab-root:focus{background-color:rgba(255,255,255,0.7);}",
            }
          }
          data-emotion="css j5omkc-MuiButtonBase-root-MuiFab-root"
        />
        <button
          className="MuiButtonBase-root MuiFab-root MuiFab-circular MuiFab-sizeLarge MuiFab-default MuiFab-root MuiFab-circular MuiFab-sizeLarge MuiFab-default css-j5omkc-MuiButtonBase-root-MuiFab-root"
          disabled={false}
          onBlur={[Function]}
          onClick={[Function]}
          onContextMenu={[Function]}
          onDragLeave={[Function]}
          onFocus={[Function]}
          onKeyDown={[Function]}
          onKeyUp={[Function]}
          onMouseDown={[Function]}
          onMouseLeave={[Function]}
          onMouseUp={[Function]}
          onTouchEnd={[Function]}
          onTouchMove={[Function]}
          onTouchStart={[Function]}
          tabIndex={0}
          type="button"
        >
          <svg
            id="flag-icons-gb"
            viewBox="0 0 640 480"
            width="40"
            xmlns="http://www.w3.org/2000/svg"
          >
            <path
              d="M0 0h640v480H0z"
              fill="#012169"
            />
            <path
              d="m75 0 244 181L562 0h78v62L400 241l240 178v61h-80L320 301 81 480H0v-60l239-178L0 64V0h75z"
              fill="#FFF"
            />
            <path
              d="m424 281 216 159v40L369 281h55zm-184 20 6 35L54 480H0l240-179zM640 0v3L391 191l2-44L590 0h50zM0 0l239 176h-60L0 42V0z"
              fill="#C8102E"
            />
            <path
              d="M241 0v480h160V0H241zM0 160v160h640V160H0z"
              fill="#FFF"
            />
            <path
              d="M0 193v96h640v-96H0zM273 0v480h96V0h-96z"
              fill="#C8102E"
            />
          </svg>
        </button>
        <style
          dangerouslySetInnerHTML={
            {
              "__html": ".css-hf4g75-MuiDialog-root{display:-webkit-box;display:-webkit-flex;display:-ms-flexbox;display:flex;-webkit-align-items:center;-webkit-box-align:center;-ms-flex-align:center;align-items:center;-webkit-box-pack:center;-ms-flex-pack:center;-webkit-justify-content:center;justify-content:center;}@media print{.css-hf4g75-MuiDialog-root{position:absolute!important;}}.css-hf4g75-MuiDialog-root .MuiPaper-root{background-color:#fff;border-radius:16px;box-shadow:0px 2px 6px rgba(0, 0, 0, 0.25);}",
            }
          }
          data-emotion="css hf4g75-MuiDialog-root"
        />
        <style
          dangerouslySetInnerHTML={
            {
              "__html": ".css-17nfp2s{margin-left:10px;}",
            }
          }
          data-emotion="css 17nfp2s"
        />
        <style
          dangerouslySetInnerHTML={
            {
              "__html": ".css-1ruocjc{margin-left:10px;}",
            }
          }
          data-emotion="css 1ruocjc"
        />
        <div
          className="MuiBox-root css-1ruocjc"
        >
          <style
            dangerouslySetInnerHTML={
              {
                "__html": ".css-xj5zwn{background-color:undefined;padding:5px 15px;margin:0 10px;}.css-xj5zwn.css-xj5zwn:hover{background-color:undefined;}.css-xj5zwn.css-xj5zwn:active{outline:4px solid undefined;outline-offset:1px;}",
              }
            }
            data-emotion="css xj5zwn"
          />
          <style
            dangerouslySetInnerHTML={
              {
                "__html": ".css-7aabyg-MuiButton-root{font-family:"Roboto","Helvetica","Arial",sans-serif;font-weight:500;font-size:0.875rem;line-height:1.75;letter-spacing:0.02857em;text-transform:uppercase;min-width:64px;padding:6px 8px;border-radius:4px;-webkit-transition:background-color 250ms cubic-bezier(0.4, 0, 0.2, 1) 0ms,box-shadow 250ms cubic-bezier(0.4, 0, 0.2, 1) 0ms,border-color 250ms cubic-bezier(0.4, 0, 0.2, 1) 0ms,color 250ms cubic-bezier(0.4, 0, 0.2, 1) 0ms;transition:background-color 250ms cubic-bezier(0.4, 0, 0.2, 1) 0ms,box-shadow 250ms cubic-bezier(0.4, 0, 0.2, 1) 0ms,border-color 250ms cubic-bezier(0.4, 0, 0.2, 1) 0ms,color 250ms cubic-bezier(0.4, 0, 0.2, 1) 0ms;color:#1976d2;background-color:undefined;padding:5px 15px;margin:0 10px;}.css-7aabyg-MuiButton-root:hover{-webkit-text-decoration:none;text-decoration:none;background-color:rgba(25, 118, 210, 0.04);}@media (hover: none){.css-7aabyg-MuiButton-root:hover{background-color:transparent;}}.css-7aabyg-MuiButton-root.Mui-disabled{color:rgba(0, 0, 0, 0.26);}.css-7aabyg-MuiButton-root.css-7aabyg-MuiButton-root:hover{background-color:undefined;}.css-7aabyg-MuiButton-root.css-7aabyg-MuiButton-root:active{outline:4px solid undefined;outline-offset:1px;}",
              }
            }
            data-emotion="css 7aabyg-MuiButton-root"
          />
          <style
            dangerouslySetInnerHTML={
              {
                "__html": ".css-pklmf0-MuiButtonBase-root-MuiButton-root{display:-webkit-inline-box;display:-webkit-inline-flex;display:-ms-inline-flexbox;display:inline-flex;-webkit-align-items:center;-webkit-box-align:center;-ms-flex-align:center;align-items:center;-webkit-box-pack:center;-ms-flex-pack:center;-webkit-justify-content:center;justify-content:center;position:relative;box-sizing:border-box;-webkit-tap-highlight-color:transparent;background-color:transparent;outline:0;border:0;margin:0;border-radius:0;padding:0;cursor:pointer;-webkit-user-select:none;-moz-user-select:none;-ms-user-select:none;user-select:none;vertical-align:middle;-moz-appearance:none;-webkit-appearance:none;-webkit-text-decoration:none;text-decoration:none;color:inherit;font-family:"Roboto","Helvetica","Arial",sans-serif;font-weight:500;font-size:0.875rem;line-height:1.75;letter-spacing:0.02857em;text-transform:uppercase;min-width:64px;padding:6px 8px;border-radius:4px;-webkit-transition:background-color 250ms cubic-bezier(0.4, 0, 0.2, 1) 0ms,box-shadow 250ms cubic-bezier(0.4, 0, 0.2, 1) 0ms,border-color 250ms cubic-bezier(0.4, 0, 0.2, 1) 0ms,color 250ms cubic-bezier(0.4, 0, 0.2, 1) 0ms;transition:background-color 250ms cubic-bezier(0.4, 0, 0.2, 1) 0ms,box-shadow 250ms cubic-bezier(0.4, 0, 0.2, 1) 0ms,border-color 250ms cubic-bezier(0.4, 0, 0.2, 1) 0ms,color 250ms cubic-bezier(0.4, 0, 0.2, 1) 0ms;color:#1976d2;background-color:undefined;padding:5px 15px;margin:0 10px;}.css-pklmf0-MuiButtonBase-root-MuiButton-root::-moz-focus-inner{border-style:none;}.css-pklmf0-MuiButtonBase-root-MuiButton-root.Mui-disabled{pointer-events:none;cursor:default;}@media print{.css-pklmf0-MuiButtonBase-root-MuiButton-root{-webkit-print-color-adjust:exact;color-adjust:exact;}}.css-pklmf0-MuiButtonBase-root-MuiButton-root:hover{-webkit-text-decoration:none;text-decoration:none;background-color:rgba(25, 118, 210, 0.04);}@media (hover: none){.css-pklmf0-MuiButtonBase-root-MuiButton-root:hover{background-color:transparent;}}.css-pklmf0-MuiButtonBase-root-MuiButton-root.Mui-disabled{color:rgba(0, 0, 0, 0.26);}.css-pklmf0-MuiButtonBase-root-MuiButton-root.css-pklmf0-MuiButtonBase-root-MuiButton-root:hover{background-color:undefined;}.css-pklmf0-MuiButtonBase-root-MuiButton-root.css-pklmf0-MuiButtonBase-root-MuiButton-root:active{outline:4px solid undefined;outline-offset:1px;}",
              }
            }
            data-emotion="css pklmf0-MuiButtonBase-root-MuiButton-root"
          />
          <button
            className="MuiButtonBase-root MuiButton-root MuiButton-text MuiButton-textPrimary MuiButton-sizeMedium MuiButton-textSizeMedium MuiButton-root MuiButton-text MuiButton-textPrimary MuiButton-sizeMedium MuiButton-textSizeMedium css-pklmf0-MuiButtonBase-root-MuiButton-root"
            disabled={false}
            onBlur={[Function]}
            onClick={[Function]}
            onContextMenu={[Function]}
            onDragLeave={[Function]}
            onFocus={[Function]}
            onKeyDown={[Function]}
            onKeyUp={[Function]}
            onMouseDown={[Function]}
            onMouseLeave={[Function]}
            onMouseUp={[Function]}
            onTouchEnd={[Function]}
            onTouchMove={[Function]}
            onTouchStart={[Function]}
            tabIndex={0}
            type="button"
          >
            Conectare
          </button>
          <button
            className="MuiButtonBase-root MuiButton-root MuiButton-text MuiButton-textPrimary MuiButton-sizeMedium MuiButton-textSizeMedium MuiButton-root MuiButton-text MuiButton-textPrimary MuiButton-sizeMedium MuiButton-textSizeMedium css-pklmf0-MuiButtonBase-root-MuiButton-root"
            disabled={false}
            onBlur={[Function]}
            onClick={[Function]}
            onContextMenu={[Function]}
            onDragLeave={[Function]}
            onFocus={[Function]}
            onKeyDown={[Function]}
            onKeyUp={[Function]}
            onMouseDown={[Function]}
            onMouseLeave={[Function]}
            onMouseUp={[Function]}
            onTouchEnd={[Function]}
            onTouchMove={[Function]}
            onTouchStart={[Function]}
            tabIndex={0}
            type="button"
          >
            Inregistrare
          </button>
        </div>
      </div>
    </div>
  </header>
  <div
    className="default-child-text"
  >
    test
  </div>
</div>
`;
