// Jest Snapshot v1, https://goo.gl/fbAQLP

exports[`Tests renders correctly 1`] = `
<div>
  <div
    class="navigation-layout"
  >
    <header
      class="MuiPaper-root MuiPaper-elevation MuiPaper-elevation4 MuiAppBar-root MuiAppBar-colorPrimary MuiAppBar-positionStatic css-hip9hq-MuiPaper-root-MuiAppBar-root"
      data-testid="navigation-layout"
    >
      <div
        class="MuiContainer-root css-ur2jdm-MuiContainer-root"
      >
        <div
          class="MuiToolbar-root MuiToolbar-regular css-r6ewbb-MuiToolbar-root"
        >
          <svg
            aria-hidden="true"
            class="MuiSvgIcon-root MuiSvgIcon-fontSizeMedium css-1uzrjc8-MuiSvgIcon-root"
            data-testid="FitnessCenterIcon"
            focusable="false"
            viewBox="0 0 24 24"
          >
            <path
              d="M20.57 14.86 22 13.43 20.57 12 17 15.57 8.43 7 12 3.43 10.57 2 9.14 3.43 7.71 2 5.57 4.14 4.14 2.71 2.71 4.14l1.43 1.43L2 7.71l1.43 1.43L2 10.57 3.43 12 7 8.43 15.57 17 12 20.57 13.43 22l1.43-1.43L16.29 22l2.14-2.14 1.43 1.43 1.43-1.43-1.43-1.43L22 16.29z"
            />
          </svg>
          <a
            class="MuiTypography-root MuiTypography-h5 MuiTypography-noWrap css-ot2t7s-MuiTypography-root"
            href="/"
          >
            Workout Buddy
          </a>
          <div
            class="MuiBox-root css-1lvtzne"
          >
            <button
              aria-controls="menu-appbar"
              aria-haspopup="true"
              aria-label="account of current user"
              class="MuiButtonBase-root MuiIconButton-root MuiIconButton-colorInherit MuiIconButton-sizeLarge css-1pz7awu-MuiButtonBase-root-MuiIconButton-root"
              tabindex="0"
              type="button"
            >
              <svg
                aria-hidden="true"
                class="MuiSvgIcon-root MuiSvgIcon-fontSizeMedium css-i4bv87-MuiSvgIcon-root"
                data-testid="MenuIcon"
                focusable="false"
                viewBox="0 0 24 24"
              >
                <path
                  d="M3 18h18v-2H3v2zm0-5h18v-2H3v2zm0-7v2h18V6H3z"
                />
              </svg>
              <span
                class="MuiTouchRipple-root css-8je8zh-MuiTouchRipple-root"
              />
            </button>
          </div>
          <svg
            aria-hidden="true"
            class="MuiSvgIcon-root MuiSvgIcon-fontSizeMedium css-z5gn4u-MuiSvgIcon-root"
            data-testid="AdbIcon"
            focusable="false"
            viewBox="0 0 24 24"
          >
            <path
              d="M5 16c0 3.87 3.13 7 7 7s7-3.13 7-7v-4H5v4zM16.12 4.37l2.1-2.1-.82-.83-2.3 2.31C14.16 3.28 13.12 3 12 3s-2.16.28-3.09.75L6.6 1.44l-.82.83 2.1 2.1C6.14 5.64 5 7.68 5 10v1h14v-1c0-2.32-1.14-4.36-2.88-5.63zM9 9c-.55 0-1-.45-1-1s.45-1 1-1 1 .45 1 1-.45 1-1 1zm6 0c-.55 0-1-.45-1-1s.45-1 1-1 1 .45 1 1-.45 1-1 1z"
            />
          </svg>
          <a
            class="MuiTypography-root MuiTypography-h5 MuiTypography-noWrap css-1lfs2tq-MuiTypography-root"
            href=""
          >
            Workout Buddy
          </a>
          <div
            class="MuiBox-root css-1t6c9ts"
          >
            <p
              class="MuiTypography-root MuiTypography-body1 css-4oy5zj-MuiTypography-root"
            >
              <a
                class="css-14yxq3c"
                href="/exercises"
              >
                Exerciții
              </a>
            </p>
            <p
              class="MuiTypography-root MuiTypography-body1 css-4oy5zj-MuiTypography-root"
            >
              <a
                class="css-14yxq3c"
                href="/splits"
              >
                Programe
              </a>
            </p>
          </div>
          <span>
            <button
              class="MuiButtonBase-root MuiFab-root MuiFab-circular MuiFab-sizeLarge MuiFab-default MuiFab-root MuiFab-circular MuiFab-sizeLarge MuiFab-default css-j5omkc-MuiButtonBase-root-MuiFab-root"
              tabindex="0"
              type="button"
            >
              <svg
                id="flag-icons-gb"
                viewBox="0 0 640 480"
                width="40"
                xmlns="http://www.w3.org/2000/svg"
              >
                <path
                  d="M0 0h640v480H0z"
                  fill="#012169"
                />
                <path
                  d="m75 0 244 181L562 0h78v62L400 241l240 178v61h-80L320 301 81 480H0v-60l239-178L0 64V0h75z"
                  fill="#FFF"
                />
                <path
                  d="m424 281 216 159v40L369 281h55zm-184 20 6 35L54 480H0l240-179zM640 0v3L391 191l2-44L590 0h50zM0 0l239 176h-60L0 42V0z"
                  fill="#C8102E"
                />
                <path
                  d="M241 0v480h160V0H241zM0 160v160h640V160H0z"
                  fill="#FFF"
                />
                <path
                  d="M0 193v96h640v-96H0zM273 0v480h96V0h-96z"
                  fill="#C8102E"
                />
              </svg>
              <span
                class="MuiTouchRipple-root css-8je8zh-MuiTouchRipple-root"
              />
            </button>
          </span>
          <div
            class="MuiBox-root css-1ruocjc"
          >
            <button
              class="MuiButtonBase-root MuiButton-root MuiButton-text MuiButton-textPrimary MuiButton-sizeMedium MuiButton-textSizeMedium MuiButton-root MuiButton-text MuiButton-textPrimary MuiButton-sizeMedium MuiButton-textSizeMedium css-pklmf0-MuiButtonBase-root-MuiButton-root"
              tabindex="0"
              type="button"
            >
              Conectare
              <span
                class="MuiTouchRipple-root css-8je8zh-MuiTouchRipple-root"
              />
            </button>
            <button
              class="MuiButtonBase-root MuiButton-root MuiButton-text MuiButton-textPrimary MuiButton-sizeMedium MuiButton-textSizeMedium MuiButton-root MuiButton-text MuiButton-textPrimary MuiButton-sizeMedium MuiButton-textSizeMedium css-pklmf0-MuiButtonBase-root-MuiButton-root"
              tabindex="0"
              type="button"
            >
              Înregistrare
              <span
                class="MuiTouchRipple-root css-8je8zh-MuiTouchRipple-root"
              />
            </button>
          </div>
        </div>
      </div>
    </header>
    <div
      class="default-child-text"
    >
      test
    </div>
  </div>
</div>
`;
